// Jest Snapshot v1, https://goo.gl/fbAQLP

exports[`PageMovieOverview Should render correctly 1`] = `
Array [
  <div
    className="movie-rating"
  >
    <div
      className="movie-rating__score"
    >
      4,0
    </div>
    <p
      className="movie-rating__meta"
    >
      <span
        className="movie-rating__level"
      >
        Normal
      </span>
      <span
        className="movie-rating__count"
      >
        618498
         ratings
      </span>
    </p>
  </div>,
  <div
    className="movie-card__text"
  >
    <p>
      A frontiersman on a fur trading
    </p>
    <p
      className="movie-card__director"
    >
      <strong>
        Director: 
        The Director
      </strong>
    </p>
    <p
      className="movie-card__starring"
    >
      <strong>
        Starring: 
        actor1, actor2
         and other
      </strong>
    </p>
  </div>,
]
`;
