// Jest Snapshot v1, https://goo.gl/fbAQLP

exports[`HeaderPageTitle Should render correctly 1`] = `
<h1
  className="page-title user-page__title"
>
  content
</h1>
`;
