// Jest Snapshot v1, https://goo.gl/fbAQLP

exports[`withLoginState is rendered correctly 1`] = `<div />`;
