// Jest Snapshot v1, https://goo.gl/fbAQLP

exports[`GenreList With active genre 1`] = `
<ul
  className="catalog__genres-list"
>
  <li
    className="catalog__genres-item"
  >
    <a
      className="catalog__genres-link"
      data-genre="All Genres"
      href="#"
      onClick={[Function]}
    >
      All Genres
    </a>
  </li>
  <li
    className="catalog__genres-item catalog__genres-item--active"
  >
    <a
      className="catalog__genres-link"
      data-genre="Action"
      href="#"
      onClick={[Function]}
    >
      Action
    </a>
  </li>
  <li
    className="catalog__genres-item"
  >
    <a
      className="catalog__genres-link"
      data-genre="Crime"
      href="#"
      onClick={[Function]}
    >
      Crime
    </a>
  </li>
</ul>
`;

exports[`GenreList With no active genre 1`] = `
<ul
  className="catalog__genres-list"
>
  <li
    className="catalog__genres-item catalog__genres-item--active"
  >
    <a
      className="catalog__genres-link"
      data-genre="All Genres"
      href="#"
      onClick={[Function]}
    >
      All Genres
    </a>
  </li>
  <li
    className="catalog__genres-item"
  >
    <a
      className="catalog__genres-link"
      data-genre="Action"
      href="#"
      onClick={[Function]}
    >
      Action
    </a>
  </li>
  <li
    className="catalog__genres-item"
  >
    <a
      className="catalog__genres-link"
      data-genre="Crime"
      href="#"
      onClick={[Function]}
    >
      Crime
    </a>
  </li>
</ul>
`;
