// Jest Snapshot v1, https://goo.gl/fbAQLP

exports[`withReviewState is rendered correctly 1`] = `<div />`;
